21:08:28 **** Incremental Build of configuration Debug for project Hello_LedMatrix ****
make all 
Building file: ../src/HLEDMAT_program.c
Invoking: Cross ARM GNU C Compiler
arm-none-eabi-gcc -mcpu=cortex-m3 -mthumb -Og -fmessage-length=0 -fsigned-char -ffunction-sections -fdata-sections -ffreestanding -fno-move-loop-invariants -Wall -Wextra  -g3 -DDEBUG -DUSE_FULL_ASSERT -DTRACE -DOS_USE_TRACE_SEMIHOSTING_DEBUG -DSTM32F10X_MD -DUSE_STDPERIPH_DRIVER -DHSE_VALUE=8000000 -I"../include" -I"../system/include" -I"../system/include/cmsis" -I"../system/include/stm32f1-stdperiph" -std=gnu11 -MMD -MP -MF"src/HLEDMAT_program.d" -MT"src/HLEDMAT_program.o" -c -o "src/HLEDMAT_program.o" "../src/HLEDMAT_program.c"
Finished building: ../src/HLEDMAT_program.c
 
Building target: Hello_LedMatrix.elf
Invoking: Cross ARM GNU C++ Linker
arm-none-eabi-g++ -mcpu=cortex-m3 -mthumb -Og -fmessage-length=0 -fsigned-char -ffunction-sections -fdata-sections -ffreestanding -fno-move-loop-invariants -Wall -Wextra  -g3 -T mem.ld -T libs.ld -T sections.ld -nostartfiles -Xlinker --gc-sections -L"../ldscripts" -Wl,-Map,"Hello_LedMatrix.map" --specs=nano.specs -o "Hello_LedMatrix.elf"  ./system/src/stm32f1-stdperiph/misc.o ./system/src/stm32f1-stdperiph/stm32f10x_gpio.o ./system/src/stm32f1-stdperiph/stm32f10x_rcc.o  ./system/src/newlib/_cxx.o ./system/src/newlib/_exit.o ./system/src/newlib/_sbrk.o ./system/src/newlib/_startup.o ./system/src/newlib/_syscalls.o ./system/src/newlib/assert.o  ./system/src/diag/Trace.o ./system/src/diag/trace_impl.o  ./system/src/cortexm/_initialize_hardware.o ./system/src/cortexm/_reset_hardware.o ./system/src/cortexm/exception_handlers.o  ./system/src/cmsis/system_stm32f10x.o ./system/src/cmsis/vectors_stm32f10x.o  ./src/DIO_program.o ./src/HLEDMAT_program.o ./src/RCC_program.o ./src/STK_program.o ./src/main.o   
Finished building target: Hello_LedMatrix.elf
 
Invoking: Cross ARM GNU Create Flash Image
arm-none-eabi-objcopy -O ihex "Hello_LedMatrix.elf"  "Hello_LedMatrix.hex"
Finished building: Hello_LedMatrix.hex
 
Invoking: Cross ARM GNU Print Size
arm-none-eabi-size --format=berkeley "Hello_LedMatrix.elf"
   text	   data	    bss	    dec	    hex	filename
   5727	    184	    420	   6331	   18bb	Hello_LedMatrix.elf
Finished building: Hello_LedMatrix.siz
 

21:08:29 Build Finished (took 667ms)

